// Jest Snapshot v1, https://goo.gl/fbAQLP

exports[`renders addForm 1`] = `
Object {
  "asFragment": [Function],
  "baseElement": <body>
    <div>
      <form>
        <div
          class="MuiFormControl-root MuiTextField-root makeStyles-inputContainerWidth-1"
        >
          <label
            class="MuiFormLabel-root MuiInputLabel-root MuiInputLabel-formControl MuiInputLabel-animated MuiInputLabel-outlined"
            data-shrink="false"
            for="outlined-adornment-password"
            id="outlined-adornment-password-label"
          >
            Add Country
          </label>
          <div
            class="MuiInputBase-root MuiOutlinedInput-root MuiInputBase-formControl"
          >
            <input
              aria-invalid="false"
              class="MuiInputBase-input MuiOutlinedInput-input"
              id="outlined-adornment-password"
              type="text"
              value=""
            />
            <fieldset
              aria-hidden="true"
              class="PrivateNotchedOutline-root-5 MuiOutlinedInput-notchedOutline"
            >
              <legend
                class="PrivateNotchedOutline-legendLabelled-7"
              >
                <span>
                  Add Country
                </span>
              </legend>
            </fieldset>
          </div>
        </div>
        <button
          class="MuiButtonBase-root MuiButton-root MuiButton-contained makeStyles-buttonWidth-2 makeStyles-buttonContainer-4 MuiButton-containedPrimary"
          tabindex="0"
          type="button"
        >
          <span
            class="MuiButton-label"
          >
            Add & Select
          </span>
          <span
            class="MuiTouchRipple-root"
          />
        </button>
      </form>
    </div>
  </body>,
  "container": <div>
    <form>
      <div
        class="MuiFormControl-root MuiTextField-root makeStyles-inputContainerWidth-1"
      >
        <label
          class="MuiFormLabel-root MuiInputLabel-root MuiInputLabel-formControl MuiInputLabel-animated MuiInputLabel-outlined"
          data-shrink="false"
          for="outlined-adornment-password"
          id="outlined-adornment-password-label"
        >
          Add Country
        </label>
        <div
          class="MuiInputBase-root MuiOutlinedInput-root MuiInputBase-formControl"
        >
          <input
            aria-invalid="false"
            class="MuiInputBase-input MuiOutlinedInput-input"
            id="outlined-adornment-password"
            type="text"
            value=""
          />
          <fieldset
            aria-hidden="true"
            class="PrivateNotchedOutline-root-5 MuiOutlinedInput-notchedOutline"
          >
            <legend
              class="PrivateNotchedOutline-legendLabelled-7"
            >
              <span>
                Add Country
              </span>
            </legend>
          </fieldset>
        </div>
      </div>
      <button
        class="MuiButtonBase-root MuiButton-root MuiButton-contained makeStyles-buttonWidth-2 makeStyles-buttonContainer-4 MuiButton-containedPrimary"
        tabindex="0"
        type="button"
      >
        <span
          class="MuiButton-label"
        >
          Add & Select
        </span>
        <span
          class="MuiTouchRipple-root"
        />
      </button>
    </form>
  </div>,
  "debug": [Function],
  "findAllByAltText": [Function],
  "findAllByDisplayValue": [Function],
  "findAllByLabelText": [Function],
  "findAllByPlaceholderText": [Function],
  "findAllByRole": [Function],
  "findAllByTestId": [Function],
  "findAllByText": [Function],
  "findAllByTitle": [Function],
  "findByAltText": [Function],
  "findByDisplayValue": [Function],
  "findByLabelText": [Function],
  "findByPlaceholderText": [Function],
  "findByRole": [Function],
  "findByTestId": [Function],
  "findByText": [Function],
  "findByTitle": [Function],
  "getAllByAltText": [Function],
  "getAllByDisplayValue": [Function],
  "getAllByLabelText": [Function],
  "getAllByPlaceholderText": [Function],
  "getAllByRole": [Function],
  "getAllByTestId": [Function],
  "getAllByText": [Function],
  "getAllByTitle": [Function],
  "getByAltText": [Function],
  "getByDisplayValue": [Function],
  "getByLabelText": [Function],
  "getByPlaceholderText": [Function],
  "getByRole": [Function],
  "getByTestId": [Function],
  "getByText": [Function],
  "getByTitle": [Function],
  "queryAllByAltText": [Function],
  "queryAllByDisplayValue": [Function],
  "queryAllByLabelText": [Function],
  "queryAllByPlaceholderText": [Function],
  "queryAllByRole": [Function],
  "queryAllByTestId": [Function],
  "queryAllByText": [Function],
  "queryAllByTitle": [Function],
  "queryByAltText": [Function],
  "queryByDisplayValue": [Function],
  "queryByLabelText": [Function],
  "queryByPlaceholderText": [Function],
  "queryByRole": [Function],
  "queryByTestId": [Function],
  "queryByText": [Function],
  "queryByTitle": [Function],
  "rerender": [Function],
  "unmount": [Function],
}
`;
