// Jest Snapshot v1, https://goo.gl/fbAQLP

exports[`renders learn react link 1`] = `
Object {
  "asFragment": [Function],
  "baseElement": <body>
    <div>
      <div
        class="app"
      >
        <div
          class="list"
        >
          <div
            class="makeStyles-listItem-3"
          >
            <div
              aria-expanded="false"
              class="MuiAutocomplete-root makeStyles-inputContainerWidth-1 MuiAutocomplete-hasClearIcon MuiAutocomplete-hasPopupIcon"
              role="combobox"
            >
              <div
                class="MuiFormControl-root MuiTextField-root MuiFormControl-fullWidth"
              >
                <label
                  class="MuiFormLabel-root MuiInputLabel-root MuiInputLabel-formControl MuiInputLabel-animated MuiInputLabel-outlined"
                  data-shrink="false"
                  for="combo-box-demo"
                  id="combo-box-demo-label"
                >
                  Select Country
                </label>
                <div
                  class="MuiInputBase-root MuiOutlinedInput-root MuiAutocomplete-inputRoot MuiInputBase-fullWidth MuiInputBase-formControl MuiInputBase-adornedEnd MuiOutlinedInput-adornedEnd"
                >
                  <input
                    aria-autocomplete="list"
                    aria-invalid="false"
                    autocapitalize="none"
                    autocomplete="off"
                    class="MuiInputBase-input MuiOutlinedInput-input MuiAutocomplete-input MuiAutocomplete-inputFocused MuiInputBase-inputAdornedEnd MuiOutlinedInput-inputAdornedEnd"
                    id="combo-box-demo"
                    spellcheck="false"
                    type="text"
                    value=""
                  />
                  <div
                    class="MuiAutocomplete-endAdornment"
                  >
                    <button
                      aria-label="Clear"
                      class="MuiButtonBase-root MuiIconButton-root MuiAutocomplete-clearIndicator"
                      tabindex="-1"
                      title="Clear"
                      type="button"
                    >
                      <span
                        class="MuiIconButton-label"
                      >
                        <svg
                          aria-hidden="true"
                          class="MuiSvgIcon-root MuiSvgIcon-fontSizeSmall"
                          focusable="false"
                          viewBox="0 0 24 24"
                        >
                          <path
                            d="M19 6.41L17.59 5 12 10.59 6.41 5 5 6.41 10.59 12 5 17.59 6.41 19 12 13.41 17.59 19 19 17.59 13.41 12z"
                          />
                        </svg>
                      </span>
                      <span
                        class="MuiTouchRipple-root"
                      />
                    </button>
                    <button
                      aria-label="Open"
                      class="MuiButtonBase-root MuiIconButton-root MuiAutocomplete-popupIndicator"
                      tabindex="-1"
                      title="Open"
                      type="button"
                    >
                      <span
                        class="MuiIconButton-label"
                      >
                        <svg
                          aria-hidden="true"
                          class="MuiSvgIcon-root"
                          focusable="false"
                          viewBox="0 0 24 24"
                        >
                          <path
                            d="M7 10l5 5 5-5z"
                          />
                        </svg>
                      </span>
                      <span
                        class="MuiTouchRipple-root"
                      />
                    </button>
                  </div>
                  <fieldset
                    aria-hidden="true"
                    class="PrivateNotchedOutline-root-5 MuiOutlinedInput-notchedOutline"
                  >
                    <legend
                      class="PrivateNotchedOutline-legendLabelled-7"
                    >
                      <span>
                        Select Country
                      </span>
                    </legend>
                  </fieldset>
                </div>
              </div>
            </div>
          </div>
          <form>
            <div
              class="MuiFormControl-root MuiTextField-root makeStyles-inputContainerWidth-1"
            >
              <label
                class="MuiFormLabel-root MuiInputLabel-root MuiInputLabel-formControl MuiInputLabel-animated MuiInputLabel-outlined"
                data-shrink="false"
                for="outlined-adornment-password"
                id="outlined-adornment-password-label"
              >
                Add Country
              </label>
              <div
                class="MuiInputBase-root MuiOutlinedInput-root MuiInputBase-formControl"
              >
                <input
                  aria-invalid="false"
                  class="MuiInputBase-input MuiOutlinedInput-input"
                  id="outlined-adornment-password"
                  type="text"
                  value=""
                />
                <fieldset
                  aria-hidden="true"
                  class="PrivateNotchedOutline-root-5 MuiOutlinedInput-notchedOutline"
                >
                  <legend
                    class="PrivateNotchedOutline-legendLabelled-7"
                  >
                    <span>
                      Add Country
                    </span>
                  </legend>
                </fieldset>
              </div>
            </div>
            <button
              class="MuiButtonBase-root MuiButton-root MuiButton-contained makeStyles-buttonWidth-2 makeStyles-buttonContainer-4 MuiButton-containedPrimary"
              tabindex="0"
              type="button"
            >
              <span
                class="MuiButton-label"
              >
                Add & Select
              </span>
              <span
                class="MuiTouchRipple-root"
              />
            </button>
          </form>
        </div>
      </div>
    </div>
  </body>,
  "container": <div>
    <div
      class="app"
    >
      <div
        class="list"
      >
        <div
          class="makeStyles-listItem-3"
        >
          <div
            aria-expanded="false"
            class="MuiAutocomplete-root makeStyles-inputContainerWidth-1 MuiAutocomplete-hasClearIcon MuiAutocomplete-hasPopupIcon"
            role="combobox"
          >
            <div
              class="MuiFormControl-root MuiTextField-root MuiFormControl-fullWidth"
            >
              <label
                class="MuiFormLabel-root MuiInputLabel-root MuiInputLabel-formControl MuiInputLabel-animated MuiInputLabel-outlined"
                data-shrink="false"
                for="combo-box-demo"
                id="combo-box-demo-label"
              >
                Select Country
              </label>
              <div
                class="MuiInputBase-root MuiOutlinedInput-root MuiAutocomplete-inputRoot MuiInputBase-fullWidth MuiInputBase-formControl MuiInputBase-adornedEnd MuiOutlinedInput-adornedEnd"
              >
                <input
                  aria-autocomplete="list"
                  aria-invalid="false"
                  autocapitalize="none"
                  autocomplete="off"
                  class="MuiInputBase-input MuiOutlinedInput-input MuiAutocomplete-input MuiAutocomplete-inputFocused MuiInputBase-inputAdornedEnd MuiOutlinedInput-inputAdornedEnd"
                  id="combo-box-demo"
                  spellcheck="false"
                  type="text"
                  value=""
                />
                <div
                  class="MuiAutocomplete-endAdornment"
                >
                  <button
                    aria-label="Clear"
                    class="MuiButtonBase-root MuiIconButton-root MuiAutocomplete-clearIndicator"
                    tabindex="-1"
                    title="Clear"
                    type="button"
                  >
                    <span
                      class="MuiIconButton-label"
                    >
                      <svg
                        aria-hidden="true"
                        class="MuiSvgIcon-root MuiSvgIcon-fontSizeSmall"
                        focusable="false"
                        viewBox="0 0 24 24"
                      >
                        <path
                          d="M19 6.41L17.59 5 12 10.59 6.41 5 5 6.41 10.59 12 5 17.59 6.41 19 12 13.41 17.59 19 19 17.59 13.41 12z"
                        />
                      </svg>
                    </span>
                    <span
                      class="MuiTouchRipple-root"
                    />
                  </button>
                  <button
                    aria-label="Open"
                    class="MuiButtonBase-root MuiIconButton-root MuiAutocomplete-popupIndicator"
                    tabindex="-1"
                    title="Open"
                    type="button"
                  >
                    <span
                      class="MuiIconButton-label"
                    >
                      <svg
                        aria-hidden="true"
                        class="MuiSvgIcon-root"
                        focusable="false"
                        viewBox="0 0 24 24"
                      >
                        <path
                          d="M7 10l5 5 5-5z"
                        />
                      </svg>
                    </span>
                    <span
                      class="MuiTouchRipple-root"
                    />
                  </button>
                </div>
                <fieldset
                  aria-hidden="true"
                  class="PrivateNotchedOutline-root-5 MuiOutlinedInput-notchedOutline"
                >
                  <legend
                    class="PrivateNotchedOutline-legendLabelled-7"
                  >
                    <span>
                      Select Country
                    </span>
                  </legend>
                </fieldset>
              </div>
            </div>
          </div>
        </div>
        <form>
          <div
            class="MuiFormControl-root MuiTextField-root makeStyles-inputContainerWidth-1"
          >
            <label
              class="MuiFormLabel-root MuiInputLabel-root MuiInputLabel-formControl MuiInputLabel-animated MuiInputLabel-outlined"
              data-shrink="false"
              for="outlined-adornment-password"
              id="outlined-adornment-password-label"
            >
              Add Country
            </label>
            <div
              class="MuiInputBase-root MuiOutlinedInput-root MuiInputBase-formControl"
            >
              <input
                aria-invalid="false"
                class="MuiInputBase-input MuiOutlinedInput-input"
                id="outlined-adornment-password"
                type="text"
                value=""
              />
              <fieldset
                aria-hidden="true"
                class="PrivateNotchedOutline-root-5 MuiOutlinedInput-notchedOutline"
              >
                <legend
                  class="PrivateNotchedOutline-legendLabelled-7"
                >
                  <span>
                    Add Country
                  </span>
                </legend>
              </fieldset>
            </div>
          </div>
          <button
            class="MuiButtonBase-root MuiButton-root MuiButton-contained makeStyles-buttonWidth-2 makeStyles-buttonContainer-4 MuiButton-containedPrimary"
            tabindex="0"
            type="button"
          >
            <span
              class="MuiButton-label"
            >
              Add & Select
            </span>
            <span
              class="MuiTouchRipple-root"
            />
          </button>
        </form>
      </div>
    </div>
  </div>,
  "debug": [Function],
  "findAllByAltText": [Function],
  "findAllByDisplayValue": [Function],
  "findAllByLabelText": [Function],
  "findAllByPlaceholderText": [Function],
  "findAllByRole": [Function],
  "findAllByTestId": [Function],
  "findAllByText": [Function],
  "findAllByTitle": [Function],
  "findByAltText": [Function],
  "findByDisplayValue": [Function],
  "findByLabelText": [Function],
  "findByPlaceholderText": [Function],
  "findByRole": [Function],
  "findByTestId": [Function],
  "findByText": [Function],
  "findByTitle": [Function],
  "getAllByAltText": [Function],
  "getAllByDisplayValue": [Function],
  "getAllByLabelText": [Function],
  "getAllByPlaceholderText": [Function],
  "getAllByRole": [Function],
  "getAllByTestId": [Function],
  "getAllByText": [Function],
  "getAllByTitle": [Function],
  "getByAltText": [Function],
  "getByDisplayValue": [Function],
  "getByLabelText": [Function],
  "getByPlaceholderText": [Function],
  "getByRole": [Function],
  "getByTestId": [Function],
  "getByText": [Function],
  "getByTitle": [Function],
  "queryAllByAltText": [Function],
  "queryAllByDisplayValue": [Function],
  "queryAllByLabelText": [Function],
  "queryAllByPlaceholderText": [Function],
  "queryAllByRole": [Function],
  "queryAllByTestId": [Function],
  "queryAllByText": [Function],
  "queryAllByTitle": [Function],
  "queryByAltText": [Function],
  "queryByDisplayValue": [Function],
  "queryByLabelText": [Function],
  "queryByPlaceholderText": [Function],
  "queryByRole": [Function],
  "queryByTestId": [Function],
  "queryByText": [Function],
  "queryByTitle": [Function],
  "rerender": [Function],
  "unmount": [Function],
}
`;
